com\jxmicro\push\alarm\service\EmailNotifyService.class
com\jxmicro\push\message\service\ReactiveWebSocketHandler.class
com\jxmicro\push\message\dto\MessagePushDTO.class
com\jxmicro\push\alarm\config\MailConfig.class
com\jxmicro\push\alarm\util\MoviderBalanceUtil$BalanceInfo.class
com\jxmicro\push\message\controller\dto\PushMessageRequest.class
com\jxmicro\push\message\model\PushMessage$PushMessageBuilder.class
com\jxmicro\push\alarm\controller\AlarmController.class
com\jxmicro\push\message\service\AppMemberMessagePollingService.class
com\jxmicro\push\alarm\entity\AlarmConfig.class
com\jxmicro\push\message\model\PushResult.class
com\jxmicro\push\message\service\DualChannelPushService.class
com\jxmicro\push\message\service\impl\RabbitMQMessageQueueService.class
com\jxmicro\push\message\repository\entity\PushBatchLog.class
com\jxmicro\push\message\service\DualChannelPushService$DualChannelStatistics.class
com\jxmicro\push\message\service\SseConnectionManager.class
com\jxmicro\push\alarm\repository\SmsBalanceConfigRepository.class
com\jxmicro\push\security\ItsDangerousTokenValidator.class
com\jxmicro\push\util\PushRedisLockUtil.class
com\jxmicro\push\message\controller\PushController.class
com\jxmicro\push\message\model\PushMessage$Priority.class
com\jxmicro\push\alarm\dto\SendAlarmEmailResponse$SendAlarmEmailResponseBuilder.class
com\jxmicro\push\alarm\vendor\MoviderVendor.class
com\jxmicro\push\message\consumer\RedisStreamConsumer.class
com\jxmicro\push\alarm\entity\SmsBalanceConfig.class
com\jxmicro\push\message\repository\DeviceTokenRepository.class
com\jxmicro\push\message\channel\APNsChannel.class
com\jxmicro\push\alarm\util\MoviderBalanceUtil.class
com\jxmicro\push\alarm\repository\AlarmConfigRepository.class
com\jxmicro\push\alarm\entity\AlarmLog.class
com\jxmicro\push\alarm\entity\AlarmConfig$AlarmType.class
com\jxmicro\push\alarm\vendor\SmsVendor.class
com\jxmicro\push\message\service\impl\PushServiceImpl.class
com\jxmicro\push\message\service\MessageQueueService$QueueStats.class
com\jxmicro\push\message\service\DualChannelPushService$DualChannelBroadcastResult.class
com\jxmicro\push\util\JwtDebugUtil.class
com\jxmicro\push\config\CorsConfig.class
com\jxmicro\push\message\producer\PushMessageProducer.class
com\jxmicro\push\message\repository\AppMemberMessageRepository.class
com\jxmicro\push\message\repository\entity\PushMessageLog.class
com\jxmicro\push\alarm\entity\AlarmLog$NotifyType.class
com\jxmicro\push\message\channel\PushChannel.class
com\jxmicro\push\message\repository\entity\PushMessageLog$Status.class
com\jxmicro\push\alarm\service\AlarmService.class
com\jxmicro\push\message\repository\entity\AppMemberMessage$Priority.class
com\jxmicro\push\message\service\DatabaseMessagePollingService.class
com\jxmicro\push\alarm\vendor\SmsVendorFactory.class
com\jxmicro\push\message\model\PushResult$PushResultBuilder.class
com\jxmicro\push\message\service\impl\RedisStreamMessageQueueService.class
com\jxmicro\push\message\service\DualChannelPushService$DualChannelPushResult.class
com\jxmicro\push\message\repository\entity\AppMemberMessage$PushStatus.class
com\jxmicro\push\alarm\job\SmsBalanceCheckJob.class
com\jxmicro\push\message\controller\AppMemberMessageQueueController.class
com\jxmicro\push\alarm\dto\SendAlarmEmailRequest.class
com\jxmicro\push\config\WebSocketProperties.class
com\jxmicro\push\config\RedisStreamConfig.class
com\jxmicro\push\message\service\PushService.class
com\jxmicro\push\message\repository\PushBatchLogRepository.class
com\jxmicro\push\alarm\job\AlarmRetryJob.class
com\jxmicro\push\PushServiceApplication.class
com\jxmicro\push\message\model\PushMessage$ChannelType.class
com\jxmicro\push\message\repository\PushMessageLogRepository.class
com\jxmicro\push\message\service\MessageQueueService.class
com\jxmicro\push\config\RabbitMQConfig.class
com\jxmicro\push\message\repository\entity\AppMemberMessage.class
com\jxmicro\push\message\controller\MessageQueueController.class
com\jxmicro\push\security\TokenValidator.class
com\jxmicro\push\config\GlobalExceptionHandler.class
com\jxmicro\push\config\WebSocketConfig.class
com\jxmicro\push\alarm\entity\AlarmLog$Status.class
com\jxmicro\push\message\model\PushMessage.class
com\jxmicro\push\message\controller\DatabaseQueueController.class
com\jxmicro\push\message\service\ReactiveWebSocketHandler$ConnectionParams.class
com\jxmicro\push\message\channel\FCMChannel.class
com\jxmicro\push\message\controller\SseController.class
com\jxmicro\push\message\dto\MessagePushDTO$MessagePushDTOBuilder.class
com\jxmicro\push\alarm\repository\AlarmLogRepository.class
com\jxmicro\push\message\service\AppMemberMessagePollingService$1.class
com\jxmicro\push\message\controller\WssController.class
com\jxmicro\push\alarm\dto\SendAlarmEmailResponse.class
com\jxmicro\push\alarm\dto\SendAlarmEmailRequest$BalanceInfo.class
com\jxmicro\push\message\service\SseConnectionManager$ConnectionInfo.class
com\jxmicro\push\alarm\service\AlarmService$SmsBalanceTriggerData.class
com\jxmicro\push\alarm\vendor\MoviderVendor$BalanceInfo.class
com\jxmicro\push\message\consumer\PushMessageConsumer.class
com\jxmicro\push\security\ItsDangerousTokenValidator$TokenPayload.class
