D:\GIT\jiaxu\javasaas-game\microservices\jx-push\src\main\java\com\jxmicro\push\security\ItsDangerousTokenValidator.java
D:\GIT\jiaxu\javasaas-game\microservices\jx-push\src\main\java\com\jxmicro\push\alarm\dto\SendAlarmEmailRequest.java
D:\GIT\jiaxu\javasaas-game\microservices\jx-push\src\main\java\com\jxmicro\push\alarm\service\EmailNotifyService.java
D:\GIT\jiaxu\javasaas-game\microservices\jx-push\src\main\java\com\jxmicro\push\config\RabbitMQConfig.java
D:\GIT\jiaxu\javasaas-game\microservices\jx-push\src\main\java\com\jxmicro\push\message\channel\PushChannel.java
D:\GIT\jiaxu\javasaas-game\microservices\jx-push\src\main\java\com\jxmicro\push\PushServiceApplication.java
D:\GIT\jiaxu\javasaas-game\microservices\jx-push\src\main\java\com\jxmicro\push\alarm\job\SmsBalanceCheckJob.java
D:\GIT\jiaxu\javasaas-game\microservices\jx-push\src\main\java\com\jxmicro\push\alarm\entity\AlarmLog.java
D:\GIT\jiaxu\javasaas-game\microservices\jx-push\src\main\java\com\jxmicro\push\alarm\config\MailConfig.java
D:\GIT\jiaxu\javasaas-game\microservices\jx-push\src\main\java\com\jxmicro\push\config\RedisStreamConfig.java
D:\GIT\jiaxu\javasaas-game\microservices\jx-push\src\main\java\com\jxmicro\push\security\TokenValidator.java
D:\GIT\jiaxu\javasaas-game\microservices\jx-push\src\main\java\com\jxmicro\push\message\service\MessageQueueService.java
D:\GIT\jiaxu\javasaas-game\microservices\jx-push\src\main\java\com\jxmicro\push\message\controller\DatabaseQueueController.java
D:\GIT\jiaxu\javasaas-game\microservices\jx-push\src\main\java\com\jxmicro\push\message\repository\AppMemberMessageRepository.java
D:\GIT\jiaxu\javasaas-game\microservices\jx-push\src\main\java\com\jxmicro\push\message\controller\AppMemberMessageQueueController.java
D:\GIT\jiaxu\javasaas-game\microservices\jx-push\src\main\java\com\jxmicro\push\message\repository\PushMessageLogRepository.java
D:\GIT\jiaxu\javasaas-game\microservices\jx-push\src\main\java\com\jxmicro\push\alarm\vendor\SmsVendor.java
D:\GIT\jiaxu\javasaas-game\microservices\jx-push\src\main\java\com\jxmicro\push\message\producer\PushMessageProducer.java
D:\GIT\jiaxu\javasaas-game\microservices\jx-push\src\main\java\com\jxmicro\push\alarm\controller\AlarmController.java
D:\GIT\jiaxu\javasaas-game\microservices\jx-push\src\main\java\com\jxmicro\push\message\repository\entity\AppMemberMessage.java
D:\GIT\jiaxu\javasaas-game\microservices\jx-push\src\main\java\com\jxmicro\push\message\service\PushService.java
D:\GIT\jiaxu\javasaas-game\microservices\jx-push\src\main\java\com\jxmicro\push\message\service\impl\RedisStreamMessageQueueService.java
D:\GIT\jiaxu\javasaas-game\microservices\jx-push\src\main\java\com\jxmicro\push\message\service\impl\RabbitMQMessageQueueService.java
D:\GIT\jiaxu\javasaas-game\microservices\jx-push\src\main\java\com\jxmicro\push\config\GlobalExceptionHandler.java
D:\GIT\jiaxu\javasaas-game\microservices\jx-push\src\main\java\com\jxmicro\push\message\channel\APNsChannel.java
D:\GIT\jiaxu\javasaas-game\microservices\jx-push\src\main\java\com\jxmicro\push\message\repository\entity\PushBatchLog.java
D:\GIT\jiaxu\javasaas-game\microservices\jx-push\src\main\java\com\jxmicro\push\message\controller\PushController.java
D:\GIT\jiaxu\javasaas-game\microservices\jx-push\src\main\java\com\jxmicro\push\message\service\SseConnectionManager.java
D:\GIT\jiaxu\javasaas-game\microservices\jx-push\src\main\java\com\jxmicro\push\alarm\service\AlarmService.java
D:\GIT\jiaxu\javasaas-game\microservices\jx-push\src\main\java\com\jxmicro\push\alarm\entity\SmsBalanceConfig.java
D:\GIT\jiaxu\javasaas-game\microservices\jx-push\src\main\java\com\jxmicro\push\message\repository\PushBatchLogRepository.java
D:\GIT\jiaxu\javasaas-game\microservices\jx-push\src\main\java\com\jxmicro\push\message\service\impl\PushServiceImpl.java
D:\GIT\jiaxu\javasaas-game\microservices\jx-push\src\main\java\com\jxmicro\push\alarm\repository\SmsBalanceConfigRepository.java
D:\GIT\jiaxu\javasaas-game\microservices\jx-push\src\main\java\com\jxmicro\push\alarm\job\AlarmRetryJob.java
D:\GIT\jiaxu\javasaas-game\microservices\jx-push\src\main\java\com\jxmicro\push\config\WebSocketConfig.java
D:\GIT\jiaxu\javasaas-game\microservices\jx-push\src\main\java\com\jxmicro\push\alarm\vendor\MoviderVendor.java
D:\GIT\jiaxu\javasaas-game\microservices\jx-push\src\main\java\com\jxmicro\push\message\service\DatabaseMessagePollingService.java
D:\GIT\jiaxu\javasaas-game\microservices\jx-push\src\main\java\com\jxmicro\push\alarm\repository\AlarmConfigRepository.java
D:\GIT\jiaxu\javasaas-game\microservices\jx-push\src\main\java\com\jxmicro\push\util\JwtDebugUtil.java
D:\GIT\jiaxu\javasaas-game\microservices\jx-push\src\main\java\com\jxmicro\push\message\consumer\RedisStreamConsumer.java
D:\GIT\jiaxu\javasaas-game\microservices\jx-push\src\main\java\com\jxmicro\push\message\model\PushMessage.java
D:\GIT\jiaxu\javasaas-game\microservices\jx-push\src\main\java\com\jxmicro\push\message\dto\MessagePushDTO.java
D:\GIT\jiaxu\javasaas-game\microservices\jx-push\src\main\java\com\jxmicro\push\alarm\dto\SendAlarmEmailResponse.java
D:\GIT\jiaxu\javasaas-game\microservices\jx-push\src\main\java\com\jxmicro\push\message\controller\SseController.java
D:\GIT\jiaxu\javasaas-game\microservices\jx-push\src\main\java\com\jxmicro\push\message\consumer\PushMessageConsumer.java
D:\GIT\jiaxu\javasaas-game\microservices\jx-push\src\main\java\com\jxmicro\push\message\channel\FCMChannel.java
D:\GIT\jiaxu\javasaas-game\microservices\jx-push\src\main\java\com\jxmicro\push\message\repository\entity\PushMessageLog.java
D:\GIT\jiaxu\javasaas-game\microservices\jx-push\src\main\java\com\jxmicro\push\config\CorsConfig.java
D:\GIT\jiaxu\javasaas-game\microservices\jx-push\src\main\java\com\jxmicro\push\message\controller\MessageQueueController.java
D:\GIT\jiaxu\javasaas-game\microservices\jx-push\src\main\java\com\jxmicro\push\alarm\vendor\SmsVendorFactory.java
D:\GIT\jiaxu\javasaas-game\microservices\jx-push\src\main\java\com\jxmicro\push\message\service\AppMemberMessagePollingService.java
D:\GIT\jiaxu\javasaas-game\microservices\jx-push\src\main\java\com\jxmicro\push\alarm\util\MoviderBalanceUtil.java
D:\GIT\jiaxu\javasaas-game\microservices\jx-push\src\main\java\com\jxmicro\push\message\repository\DeviceTokenRepository.java
D:\GIT\jiaxu\javasaas-game\microservices\jx-push\src\main\java\com\jxmicro\push\alarm\entity\AlarmConfig.java
D:\GIT\jiaxu\javasaas-game\microservices\jx-push\src\main\java\com\jxmicro\push\alarm\repository\AlarmLogRepository.java
D:\GIT\jiaxu\javasaas-game\microservices\jx-push\src\main\java\com\jxmicro\push\message\model\PushResult.java
D:\GIT\jiaxu\javasaas-game\microservices\jx-push\src\main\java\com\jxmicro\push\message\controller\WssController.java
D:\GIT\jiaxu\javasaas-game\microservices\jx-push\src\main\java\com\jxmicro\push\message\controller\dto\PushMessageRequest.java
D:\GIT\jiaxu\javasaas-game\microservices\jx-push\src\main\java\com\jxmicro\push\message\service\DualChannelPushService.java
D:\GIT\jiaxu\javasaas-game\microservices\jx-push\src\main\java\com\jxmicro\push\config\WebSocketProperties.java
D:\GIT\jiaxu\javasaas-game\microservices\jx-push\src\main\java\com\jxmicro\push\message\service\ReactiveWebSocketHandler.java
D:\GIT\jiaxu\javasaas-game\microservices\jx-push\src\main\java\com\jxmicro\push\util\PushRedisLockUtil.java
