D:\GIT\jiaxu\javasaas-game\jp-console\jeeplus-web\src\main\java\com\jeeplus\config\AppInit.java
D:\GIT\jiaxu\javasaas-game\jp-console\jeeplus-web\src\main\java\com\jeeplus\config\DataPermissionHandlerImpl.java
D:\GIT\jiaxu\javasaas-game\jp-console\jeeplus-web\src\main\java\com\jeeplus\config\LoggingAspectConfiguration.java
D:\GIT\jiaxu\javasaas-game\jp-console\jeeplus-web\src\main\java\com\jeeplus\config\MybatisPlusConfig.java
D:\GIT\jiaxu\javasaas-game\jp-console\jeeplus-web\src\main\java\com\jeeplus\config\MyMetaObjectHandler.java
D:\GIT\jiaxu\javasaas-game\jp-console\jeeplus-web\src\main\java\com\jeeplus\config\OpenApiConfig.java
D:\GIT\jiaxu\javasaas-game\jp-console\jeeplus-web\src\main\java\com\jeeplus\config\TenantLineHandlerImpl.java
D:\GIT\jiaxu\javasaas-game\jp-console\jeeplus-web\src\main\java\com\jeeplus\config\WebConfig.java
D:\GIT\jiaxu\javasaas-game\jp-console\jeeplus-web\src\main\java\com\jeeplus\config\WebSecurityConfig.java
D:\GIT\jiaxu\javasaas-game\jp-console\jeeplus-web\src\main\java\com\jeeplus\JeeplusWebApplication.java
